new TheProject.Tests.GetterClass()
{
IntProp = 1,
}