new TheProject.Tests.ClassListClass()
{
Addresses = new System.Collections.Generic.List<TheProject.Tests.Address2>
{},
Users = new System.Collections.Generic.List<TheProject.Tests.User2>
{new TheProject.Tests.User2()
{
Address = new TheProject.Tests.Address2()
{
AddressLine1 = "line1",
},
ByteArray = null, 
Name = "tmack",
Personality = new TheProject.Tests.Personality2()
{
PersonalityDescriptor = "awesome",
},
}, 
new TheProject.Tests.User2()
{
Address = null,
ByteArray = null, 
Name = null,
Personality = new TheProject.Tests.Personality2()
{
PersonalityDescriptor = "blank",
},
}, 
},
}