new TheProject.Tests.ValueListsClass()
{
Array1 = new System.Int32[]
{1, 
2, 
},
Ints = new System.Collections.Generic.List<System.Int32>
{1, 
2, 
3, 
},
NullArray = null, 
Strings = new System.Collections.Generic.List<System.String>
{"one", 
"two", 
"three", 
},
}