new TheProject.Tests.NestedClass.NestedClassTestCase()
{
}