new TheProject.Tests.User2()
{
Address = new TheProject.Tests.Address2()
{
AddressLine1 = "123 My Street",
},
Name = "Trey",
Personality = new TheProject.Tests.Personality2()
{
PersonalityDescriptor = "Intense",
},
}