new TheProject.Tests.SimpleObjectTestCase()
{
Int1 = 1,
String1 = "slim shady",
Double1 = 2.3,
Date1 = new System.DateTime(2012, 1, 2, 3, 4, 50, 0),
NullDate2 = null,
NullableDate3 = new System.DateTime(2012, 2, 3, 4, 5, 50, 0),
}